
> neurorehab@0.1.0 build
> next build

   ▲ Next.js 15.3.4
   - Environments: .env.local

   Creating an optimized production build ...
> [PWA] Compile server
> [PWA] Compile server
> [PWA] Compile client (static)
> [PWA] Auto register service worker with: C:\Users\ferna\OneDrive\Escritorio\neurorehab\node_modules\next-pwa\register.js
> [PWA] Service worker: C:\Users\ferna\OneDrive\Escritorio\neurorehab\public\sw.js
> [PWA]   url: /sw.js
> [PWA]   scope: /
 ✓ Compiled successfully in 8.0s
   Linting and checking validity of types ...

Failed to compile.

./app/admin/pacientes/[id]/page.tsx
48:7  Error: 'ptMap' is never reassigned. Use 'const' instead.  prefer-const
49:7  Error: 'tasksMap' is never reassigned. Use 'const' instead.  prefer-const

./app/admin/page.tsx
24:7  Error: 'profilesMap' is never reassigned. Use 'const' instead.  prefer-const
41:7  Error: 'progressMap' is never reassigned. Use 'const' instead.  prefer-const
42:7  Error: 'lastActivityMap' is never reassigned. Use 'const' instead.  prefer-const

./app/error.tsx
37:11  Error: Do not use an `<a>` element to navigate to `/`. Use `<Link />` from `next/link` instead. See: https://nextjs.org/docs/messages/no-html-link-for-pages  @next/next/no-html-link-for-pages

info  - Need to disable some ESLint rules? Learn more here: https://nextjs.org/docs/app/api-reference/config/eslint#disabling-rules
